src/components/CursorContext.tsx(23,26): error TS2554: Expected 1 arguments, but got 0.
src/components/InteractiveGlobe.tsx(165,7): error TS2322: Type '{ args: (HTMLCanvasElement | undefined)[]; enableZoom: false; enablePan: false; autoRotate: true; autoRotateSpeed: number; dampingFactor: number; enableDamping: true; rotateSpeed: number; minPolarAngle: number; maxPolarAngle: number; }' is not assignable to type 'IntrinsicAttributes & OrbitControlsProps & RefAttributes<OrbitControls>'.
  Property 'args' does not exist on type 'IntrinsicAttributes & OrbitControlsProps & RefAttributes<OrbitControls>'.
